
Fetching 19 files:   0%|          | 0/19 [00:00<?, ?it/s]
Fetching 19 files: 100%|██████████| 19/19 [00:00<00:00, 8210.57it/s]
You set `add_prefix_space`. The tokenizer needs to be converted from the slow tokenizers
`torch_dtype` is deprecated! Use `dtype` instead!

Loading checkpoint shards:   0%|          | 0/2 [00:00<?, ?it/s]
Loading checkpoint shards:  50%|█████     | 1/2 [00:00<00:00,  2.16it/s]
Loading checkpoint shards: 100%|██████████| 2/2 [00:00<00:00,  2.15it/s]
Loading checkpoint shards: 100%|██████████| 2/2 [00:00<00:00,  2.15it/s]

  0%|          | 0/32 [00:00<?, ?it/s]
  3%|▎         | 1/32 [00:22<11:47, 22.84s/it]
  6%|▋         | 2/32 [00:45<11:13, 22.45s/it]
  9%|▉         | 3/32 [01:07<10:52, 22.49s/it]
 12%|█▎        | 4/32 [01:30<10:35, 22.68s/it]
 16%|█▌        | 5/32 [01:57<10:49, 24.06s/it]
 19%|█▉        | 6/32 [02:30<11:47, 27.20s/it]
 22%|██▏       | 7/32 [03:13<13:30, 32.43s/it]
 25%|██▌       | 8/32 [03:54<14:05, 35.22s/it]
 28%|██▊       | 9/32 [04:31<13:44, 35.86s/it]
 31%|███▏      | 10/32 [05:06<13:00, 35.48s/it]
 34%|███▍      | 11/32 [05:39<12:10, 34.77s/it]
 38%|███▊      | 12/32 [06:13<11:30, 34.54s/it]
 41%|████      | 13/32 [06:45<10:42, 33.81s/it]
 44%|████▍     | 14/32 [07:17<09:58, 33.25s/it]
 47%|████▋     | 15/32 [07:49<09:17, 32.82s/it]
 50%|█████     | 16/32 [08:21<08:40, 32.52s/it]
 53%|█████▎    | 17/32 [08:53<08:06, 32.42s/it]
 56%|█████▋    | 18/32 [09:25<07:30, 32.15s/it]
 59%|█████▉    | 19/32 [09:57<06:57, 32.12s/it]
 62%|██████▎   | 20/32 [10:28<06:22, 31.84s/it]
 66%|██████▌   | 21/32 [11:01<05:52, 32.08s/it]
 69%|██████▉   | 22/32 [11:32<05:19, 31.94s/it]
 72%|███████▏  | 23/32 [12:04<04:46, 31.84s/it]
 75%|███████▌  | 24/32 [12:35<04:13, 31.70s/it]
 78%|███████▊  | 25/32 [13:07<03:42, 31.74s/it]
 81%|████████▏ | 26/32 [13:39<03:11, 31.84s/it]
 84%|████████▍ | 27/32 [14:11<02:39, 31.92s/it]
 88%|████████▊ | 28/32 [14:42<02:06, 31.65s/it]
 91%|█████████ | 29/32 [15:13<01:34, 31.50s/it]
 94%|█████████▍| 30/32 [15:45<01:02, 31.39s/it]
 97%|█████████▋| 31/32 [16:17<00:31, 31.61s/it]
100%|██████████| 32/32 [16:49<00:00, 31.69s/it]
100%|██████████| 32/32 [16:49<00:00, 31.53s/it]
IMAGEIO FFMPEG_WRITER WARNING: input image is not divisible by macro_block_size=16, resizing from (760, 496) to (768, 496) to ensure video compatibility with most codecs and players. To prevent resizing, make your input image divisible by the macro_block_size or set the macro_block_size to 1 (risking incompatibility).
IMAGEIO FFMPEG_WRITER WARNING: input image is not divisible by macro_block_size=16, resizing from (760, 496) to (768, 496) to ensure video compatibility with most codecs and players. To prevent resizing, make your input image divisible by the macro_block_size or set the macro_block_size to 1 (risking incompatibility).
