
Fetching 19 files:   0%|          | 0/19 [00:00<?, ?it/s]
Fetching 19 files: 100%|██████████| 19/19 [00:00<00:00, 6694.54it/s]
You set `add_prefix_space`. The tokenizer needs to be converted from the slow tokenizers
`torch_dtype` is deprecated! Use `dtype` instead!

Loading checkpoint shards:   0%|          | 0/2 [00:00<?, ?it/s]
Loading checkpoint shards:  50%|█████     | 1/2 [00:00<00:00,  2.18it/s]
Loading checkpoint shards: 100%|██████████| 2/2 [00:00<00:00,  2.21it/s]
Loading checkpoint shards: 100%|██████████| 2/2 [00:00<00:00,  2.20it/s]

  0%|          | 0/32 [00:00<?, ?it/s]
  3%|▎         | 1/32 [00:05<03:03,  5.92s/it]
  6%|▋         | 2/32 [00:09<02:16,  4.56s/it]
  9%|▉         | 3/32 [00:13<01:59,  4.12s/it]
 12%|█▎        | 4/32 [00:16<01:50,  3.95s/it]
 16%|█▌        | 5/32 [00:20<01:43,  3.82s/it]
 19%|█▉        | 6/32 [00:24<01:37,  3.76s/it]
 22%|██▏       | 7/32 [00:27<01:34,  3.80s/it]
 25%|██▌       | 8/32 [00:31<01:30,  3.75s/it]
 28%|██▊       | 9/32 [00:35<01:26,  3.75s/it]
 31%|███▏      | 10/32 [00:39<01:24,  3.84s/it]
 34%|███▍      | 11/32 [00:43<01:21,  3.89s/it]
 38%|███▊      | 12/32 [00:47<01:18,  3.93s/it]
 41%|████      | 13/32 [00:51<01:14,  3.94s/it]
 44%|████▍     | 14/32 [00:55<01:10,  3.93s/it]
 47%|████▋     | 15/32 [00:58<01:05,  3.83s/it]
 50%|█████     | 16/32 [01:02<01:00,  3.76s/it]
 53%|█████▎    | 17/32 [01:06<00:55,  3.70s/it]
 56%|█████▋    | 18/32 [01:09<00:51,  3.66s/it]
 59%|█████▉    | 19/32 [01:13<00:47,  3.64s/it]
 62%|██████▎   | 20/32 [01:16<00:43,  3.63s/it]
 66%|██████▌   | 21/32 [01:20<00:39,  3.62s/it]
 69%|██████▉   | 22/32 [01:23<00:35,  3.60s/it]
 72%|███████▏  | 23/32 [01:27<00:32,  3.57s/it]
 75%|███████▌  | 24/32 [01:31<00:28,  3.61s/it]
 78%|███████▊  | 25/32 [01:34<00:25,  3.63s/it]
 81%|████████▏ | 26/32 [01:38<00:22,  3.70s/it]
 84%|████████▍ | 27/32 [01:42<00:19,  3.85s/it]
 88%|████████▊ | 28/32 [01:46<00:15,  3.89s/it]
 91%|█████████ | 29/32 [01:51<00:11,  3.98s/it]
 94%|█████████▍| 30/32 [01:55<00:08,  4.09s/it]
 97%|█████████▋| 31/32 [02:00<00:04,  4.29s/it]
100%|██████████| 32/32 [02:04<00:00,  4.37s/it]
100%|██████████| 32/32 [02:04<00:00,  3.90s/it]
IMAGEIO FFMPEG_WRITER WARNING: input image is not divisible by macro_block_size=16, resizing from (760, 496) to (768, 496) to ensure video compatibility with most codecs and players. To prevent resizing, make your input image divisible by the macro_block_size or set the macro_block_size to 1 (risking incompatibility).
