
Fetching 19 files:   0%|          | 0/19 [00:00<?, ?it/s]
Fetching 19 files: 100%|██████████| 19/19 [00:00<00:00, 9532.51it/s]
You set `add_prefix_space`. The tokenizer needs to be converted from the slow tokenizers
`torch_dtype` is deprecated! Use `dtype` instead!

Loading checkpoint shards:   0%|          | 0/2 [00:00<?, ?it/s]
Loading checkpoint shards:  50%|█████     | 1/2 [00:00<00:00,  2.16it/s]
Loading checkpoint shards: 100%|██████████| 2/2 [00:00<00:00,  2.17it/s]
Loading checkpoint shards: 100%|██████████| 2/2 [00:00<00:00,  2.17it/s]

  0%|          | 0/16 [00:00<?, ?it/s]
  6%|▋         | 1/16 [00:22<05:40, 22.70s/it]
 12%|█▎        | 2/16 [00:44<05:13, 22.41s/it]
 19%|█▉        | 3/16 [01:07<04:50, 22.38s/it]
 25%|██▌       | 4/16 [01:30<04:34, 22.88s/it]
 31%|███▏      | 5/16 [01:59<04:32, 24.80s/it]
 38%|███▊      | 6/16 [02:40<05:05, 30.57s/it]
 44%|████▍     | 7/16 [03:25<05:16, 35.12s/it]
 50%|█████     | 8/16 [04:04<04:51, 36.48s/it]
 56%|█████▋    | 9/16 [04:40<04:13, 36.24s/it]
 62%|██████▎   | 10/16 [05:13<03:31, 35.33s/it]
 69%|██████▉   | 11/16 [05:45<02:51, 34.37s/it]
 75%|███████▌  | 12/16 [06:19<02:16, 34.05s/it]
 81%|████████▏ | 13/16 [06:52<01:41, 33.77s/it]
 88%|████████▊ | 14/16 [07:24<01:06, 33.12s/it]
 94%|█████████▍| 15/16 [07:55<00:32, 32.68s/it]
100%|██████████| 16/16 [08:27<00:00, 32.39s/it]
100%|██████████| 16/16 [08:27<00:00, 31.71s/it]
IMAGEIO FFMPEG_WRITER WARNING: input image is not divisible by macro_block_size=16, resizing from (760, 496) to (768, 496) to ensure video compatibility with most codecs and players. To prevent resizing, make your input image divisible by the macro_block_size or set the macro_block_size to 1 (risking incompatibility).
IMAGEIO FFMPEG_WRITER WARNING: input image is not divisible by macro_block_size=16, resizing from (760, 496) to (768, 496) to ensure video compatibility with most codecs and players. To prevent resizing, make your input image divisible by the macro_block_size or set the macro_block_size to 1 (risking incompatibility).
