
Fetching 19 files:   0%|          | 0/19 [00:00<?, ?it/s]
Fetching 19 files: 100%|██████████| 19/19 [00:00<00:00, 7612.17it/s]
You set `add_prefix_space`. The tokenizer needs to be converted from the slow tokenizers
`torch_dtype` is deprecated! Use `dtype` instead!

Loading checkpoint shards:   0%|          | 0/2 [00:00<?, ?it/s]
Loading checkpoint shards:  50%|█████     | 1/2 [00:00<00:00,  2.19it/s]
Loading checkpoint shards: 100%|██████████| 2/2 [00:00<00:00,  2.19it/s]
Loading checkpoint shards: 100%|██████████| 2/2 [00:00<00:00,  2.19it/s]

  0%|          | 0/32 [00:00<?, ?it/s]
  3%|▎         | 1/32 [00:05<02:59,  5.80s/it]
  6%|▋         | 2/32 [00:09<02:14,  4.50s/it]
  9%|▉         | 3/32 [00:12<01:58,  4.09s/it]
 12%|█▎        | 4/32 [00:16<01:48,  3.89s/it]
 16%|█▌        | 5/32 [00:20<01:42,  3.79s/it]
 19%|█▉        | 6/32 [00:23<01:38,  3.79s/it]
 22%|██▏       | 7/32 [00:27<01:34,  3.79s/it]
 25%|██▌       | 8/32 [00:31<01:32,  3.85s/it]
 28%|██▊       | 9/32 [00:35<01:30,  3.92s/it]
 31%|███▏      | 10/32 [00:39<01:26,  3.95s/it]
 34%|███▍      | 11/32 [00:43<01:23,  3.97s/it]
 38%|███▊      | 12/32 [00:47<01:19,  3.99s/it]
 41%|████      | 13/32 [00:51<01:15,  3.99s/it]
 44%|████▍     | 14/32 [00:55<01:11,  4.00s/it]
 47%|████▋     | 15/32 [00:59<01:07,  3.99s/it]
 50%|█████     | 16/32 [01:03<01:03,  3.97s/it]
 53%|█████▎    | 17/32 [01:07<00:59,  3.94s/it]
 56%|█████▋    | 18/32 [01:11<00:54,  3.93s/it]
 59%|█████▉    | 19/32 [01:15<00:51,  4.00s/it]
 62%|██████▎   | 20/32 [01:19<00:48,  4.08s/it]
 66%|██████▌   | 21/32 [01:24<00:45,  4.14s/it]
 69%|██████▉   | 22/32 [01:28<00:42,  4.23s/it]
 72%|███████▏  | 23/32 [01:33<00:39,  4.34s/it]
 75%|███████▌  | 24/32 [01:37<00:35,  4.43s/it]
 78%|███████▊  | 25/32 [01:42<00:32,  4.58s/it]
 81%|████████▏ | 26/32 [01:47<00:28,  4.72s/it]
 84%|████████▍ | 27/32 [01:53<00:24,  4.88s/it]
 88%|████████▊ | 28/32 [01:58<00:20,  5.07s/it]
 91%|█████████ | 29/32 [02:04<00:15,  5.32s/it]
 94%|█████████▍| 30/32 [02:10<00:11,  5.58s/it]
 97%|█████████▋| 31/32 [02:17<00:05,  5.94s/it]
100%|██████████| 32/32 [02:24<00:00,  6.33s/it]
100%|██████████| 32/32 [02:24<00:00,  4.53s/it]
IMAGEIO FFMPEG_WRITER WARNING: input image is not divisible by macro_block_size=16, resizing from (760, 496) to (768, 496) to ensure video compatibility with most codecs and players. To prevent resizing, make your input image divisible by the macro_block_size or set the macro_block_size to 1 (risking incompatibility).
