
Fetching 31 files:   0%|          | 0/31 [00:00<?, ?it/s]
Fetching 31 files: 100%|██████████| 31/31 [00:00<00:00, 9714.84it/s]
`torch_dtype` is deprecated! Use `dtype` instead!

Loading checkpoint shards:   0%|          | 0/5 [00:00<?, ?it/s]
Loading checkpoint shards:  20%|██        | 1/5 [00:02<00:08,  2.01s/it]
Loading checkpoint shards:  40%|████      | 2/5 [00:04<00:07,  2.44s/it]
Loading checkpoint shards:  60%|██████    | 3/5 [00:07<00:05,  2.76s/it]
Loading checkpoint shards:  80%|████████  | 4/5 [00:11<00:02,  2.97s/it]
Loading checkpoint shards: 100%|██████████| 5/5 [00:13<00:00,  2.63s/it]
Loading checkpoint shards: 100%|██████████| 5/5 [00:13<00:00,  2.64s/it]

Loading checkpoint shards:   0%|          | 0/2 [00:00<?, ?it/s]
Loading checkpoint shards:  50%|█████     | 1/2 [00:02<00:02,  2.26s/it]
Loading checkpoint shards: 100%|██████████| 2/2 [00:02<00:00,  1.12s/it]
Loading checkpoint shards: 100%|██████████| 2/2 [00:02<00:00,  1.29s/it]

  0%|          | 0/16 [00:00<?, ?it/s]
  6%|▋         | 1/16 [00:00<00:12,  1.19it/s]
 12%|█▎        | 2/16 [00:01<00:08,  1.68it/s]
 19%|█▉        | 3/16 [00:01<00:06,  1.92it/s]
 25%|██▌       | 4/16 [00:02<00:05,  2.07it/s]
 31%|███▏      | 5/16 [00:02<00:05,  2.17it/s]
 38%|███▊      | 6/16 [00:02<00:04,  2.24it/s]
 44%|████▍     | 7/16 [00:03<00:03,  2.28it/s]
 50%|█████     | 8/16 [00:03<00:03,  2.30it/s]
 56%|█████▋    | 9/16 [00:04<00:03,  2.32it/s]
 62%|██████▎   | 10/16 [00:04<00:02,  2.31it/s]
 69%|██████▉   | 11/16 [00:05<00:02,  2.33it/s]
 75%|███████▌  | 12/16 [00:05<00:01,  2.33it/s]
 81%|████████▏ | 13/16 [00:05<00:01,  2.34it/s]
 88%|████████▊ | 14/16 [00:06<00:00,  2.34it/s]
 94%|█████████▍| 15/16 [00:06<00:00,  2.35it/s]
100%|██████████| 16/16 [00:07<00:00,  2.36it/s]
100%|██████████| 16/16 [00:07<00:00,  2.22it/s]
