
Fetching 19 files:   0%|          | 0/19 [00:00<?, ?it/s]
Fetching 19 files: 100%|██████████| 19/19 [00:00<00:00, 8126.01it/s]

Loading pipeline components...:   0%|          | 0/5 [00:00<?, ?it/s]
Loading pipeline components...:  40%|████      | 2/5 [00:00<00:00,  3.72it/s]

Loading checkpoint shards:   0%|          | 0/2 [00:00<?, ?it/s][A

Loading checkpoint shards:  50%|█████     | 1/2 [00:00<00:00,  2.22it/s][A

Loading checkpoint shards: 100%|██████████| 2/2 [00:00<00:00,  2.22it/s][A
Loading checkpoint shards: 100%|██████████| 2/2 [00:00<00:00,  2.22it/s]

Loading pipeline components...:  60%|██████    | 3/5 [00:01<00:01,  1.86it/s]
Loading pipeline components...:  80%|████████  | 4/5 [00:01<00:00,  2.63it/s]
Loading pipeline components...: 100%|██████████| 5/5 [00:01<00:00,  3.18it/s]

  0%|          | 0/4 [00:00<?, ?it/s]
 25%|██▌       | 1/4 [00:08<00:24,  8.26s/it]
 50%|█████     | 2/4 [00:11<00:11,  5.52s/it]
 75%|███████▌  | 3/4 [00:15<00:04,  4.65s/it]
100%|██████████| 4/4 [00:19<00:00,  4.24s/it]
100%|██████████| 4/4 [00:19<00:00,  4.77s/it]
There are modules in AutoencoderKLCogVideoX that should be kept in float32: []. Casting directly with `to()` can lead to inconsistent results; set `torch_dtype` in `from_pretrained()` instead to keep these modules in float32.
<repo>/.venv-provider-compat/lib/python3.12/site-packages/torch/nn/modules/conv.py:730: UserWarning: The operator 'aten::slow_conv3d_forward' is not currently supported on the MPS backend and will fall back to run on the CPU. This may have performance implications. (Triggered internally at <private-user-path>/work/pytorch/pytorch/aten/src/ATen/mps/MPSFallback.mm:34.)
  return F.conv3d(
{"type": "RuntimeError", "message": "slow_conv2d_forward_mps: input(device='cpu') and weight(device=mps:0')  must be on the same device", "frames": [{"file": "tools/run_provider_compatibility_trial.py", "line": 953, "function": "run_worker"}, {"file": ".venv-provider-compat/lib/python3.12/site-packages/diffusers/pipelines/cogvideo/pipeline_cogvideox.py", "line": 355, "function": "decode_latents"}, {"file": ".venv-provider-compat/lib/python3.12/site-packages/diffusers/utils/accelerate_utils.py", "line": 46, "function": "wrapper"}, {"file": ".venv-provider-compat/lib/python3.12/site-packages/diffusers/models/autoencoders/autoencoder_kl_cogvideox.py", "line": 1226, "function": "decode"}, {"file": ".venv-provider-compat/lib/python3.12/site-packages/diffusers/models/autoencoders/autoencoder_kl_cogvideox.py", "line": 1183, "function": "_decode"}, {"file": ".venv-provider-compat/lib/python3.12/site-packages/diffusers/models/autoencoders/autoencoder_kl_cogvideox.py", "line": 1379, "function": "tiled_decode"}, {"file": ".venv-provider-compat/lib/python3.12/site-packages/torch/nn/modules/module.py", "line": 1778, "function": "_wrapped_call_impl"}, {"file": ".venv-provider-compat/lib/python3.12/site-packages/torch/nn/modules/module.py", "line": 1789, "function": "_call_impl"}, {"file": ".venv-provider-compat/lib/python3.12/site-packages/diffusers/models/autoencoders/autoencoder_kl_cogvideox.py", "line": 942, "function": "forward"}, {"file": ".venv-provider-compat/lib/python3.12/site-packages/torch/nn/modules/module.py", "line": 1778, "function": "_wrapped_call_impl"}, {"file": ".venv-provider-compat/lib/python3.12/site-packages/torch/nn/modules/module.py", "line": 1789, "function": "_call_impl"}, {"file": ".venv-provider-compat/lib/python3.12/site-packages/diffusers/models/autoencoders/autoencoder_kl_cogvideox.py", "line": 639, "function": "forward"}, {"file": ".venv-provider-compat/lib/python3.12/site-packages/torch/nn/modules/module.py", "line": 1778, "function": "_wrapped_call_impl"}, {"file": ".venv-provider-compat/lib/python3.12/site-packages/torch/nn/modules/module.py", "line": 1789, "function": "_call_impl"}, {"file": ".venv-provider-compat/lib/python3.12/site-packages/diffusers/models/upsampling.py", "line": 415, "function": "forward"}, {"file": ".venv-provider-compat/lib/python3.12/site-packages/torch/nn/modules/module.py", "line": 1778, "function": "_wrapped_call_impl"}, {"file": ".venv-provider-compat/lib/python3.12/site-packages/torch/nn/modules/module.py", "line": 1789, "function": "_call_impl"}, {"file": ".venv-provider-compat/lib/python3.12/site-packages/torch/nn/modules/conv.py", "line": 565, "function": "forward"}, {"file": ".venv-provider-compat/lib/python3.12/site-packages/torch/nn/modules/conv.py", "line": 560, "function": "_conv_forward"}]}
