
Fetching 19 files:   0%|          | 0/19 [00:00<?, ?it/s]
Fetching 19 files: 100%|██████████| 19/19 [00:00<00:00, 6585.55it/s]
You set `add_prefix_space`. The tokenizer needs to be converted from the slow tokenizers
`torch_dtype` is deprecated! Use `dtype` instead!

Loading checkpoint shards:   0%|          | 0/2 [00:00<?, ?it/s]
Loading checkpoint shards:  50%|█████     | 1/2 [00:00<00:00,  2.16it/s]
Loading checkpoint shards: 100%|██████████| 2/2 [00:00<00:00,  2.18it/s]
Loading checkpoint shards: 100%|██████████| 2/2 [00:00<00:00,  2.17it/s]

  0%|          | 0/32 [00:00<?, ?it/s]
  3%|▎         | 1/32 [00:22<11:50, 22.93s/it]
  6%|▋         | 2/32 [00:45<11:25, 22.85s/it]
  9%|▉         | 3/32 [01:11<11:47, 24.40s/it]
 12%|█▎        | 4/32 [02:33<21:57, 47.06s/it]
 16%|█▌        | 5/32 [03:46<25:24, 56.48s/it]
 19%|█▉        | 6/32 [04:37<23:33, 54.38s/it]
 22%|██▏       | 7/32 [05:22<21:22, 51.32s/it]
 25%|██▌       | 8/32 [06:09<20:00, 50.03s/it]
 28%|██▊       | 9/32 [06:55<18:42, 48.82s/it]
 31%|███▏      | 10/32 [07:54<19:01, 51.91s/it]
 34%|███▍      | 11/32 [08:47<18:14, 52.11s/it]
 38%|███▊      | 12/32 [09:33<16:48, 50.43s/it]
 41%|████      | 13/32 [10:19<15:33, 49.11s/it]
 44%|████▍     | 14/32 [11:02<14:11, 47.32s/it]
 47%|████▋     | 15/32 [11:44<12:54, 45.54s/it]
 50%|█████     | 16/32 [12:21<11:28, 43.03s/it]
 53%|█████▎    | 17/32 [13:00<10:28, 41.88s/it]
 56%|█████▋    | 18/32 [13:37<09:23, 40.28s/it]
 59%|█████▉    | 19/32 [14:13<08:25, 38.91s/it]
 62%|██████▎   | 20/32 [14:47<07:31, 37.65s/it]
 66%|██████▌   | 21/32 [15:22<06:45, 36.82s/it]
 69%|██████▉   | 22/32 [15:57<06:02, 36.27s/it]
 72%|███████▏  | 23/32 [16:32<05:23, 35.89s/it]
 75%|███████▌  | 24/32 [17:08<04:46, 35.80s/it]
 78%|███████▊  | 25/32 [17:43<04:10, 35.77s/it]
 81%|████████▏ | 26/32 [18:20<03:36, 36.12s/it]
 84%|████████▍ | 27/32 [18:57<03:01, 36.33s/it]
 88%|████████▊ | 28/32 [19:36<02:28, 37.23s/it]
 91%|█████████ | 29/32 [20:16<01:54, 38.04s/it]
 94%|█████████▍| 30/32 [20:54<01:15, 37.81s/it]
 97%|█████████▋| 31/32 [21:32<00:37, 37.86s/it]
100%|██████████| 32/32 [22:11<00:00, 38.29s/it]
100%|██████████| 32/32 [22:11<00:00, 41.61s/it]
IMAGEIO FFMPEG_WRITER WARNING: input image is not divisible by macro_block_size=16, resizing from (760, 496) to (768, 496) to ensure video compatibility with most codecs and players. To prevent resizing, make your input image divisible by the macro_block_size or set the macro_block_size to 1 (risking incompatibility).
IMAGEIO FFMPEG_WRITER WARNING: input image is not divisible by macro_block_size=16, resizing from (760, 496) to (768, 496) to ensure video compatibility with most codecs and players. To prevent resizing, make your input image divisible by the macro_block_size or set the macro_block_size to 1 (risking incompatibility).
