
Fetching 31 files:   0%|          | 0/31 [00:00<?, ?it/s]
Fetching 31 files: 100%|██████████| 31/31 [00:00<00:00, 9160.45it/s]

Loading pipeline components...:   0%|          | 0/5 [00:00<?, ?it/s]

Loading checkpoint shards:   0%|          | 0/5 [00:00<?, ?it/s][A

Loading checkpoint shards:  20%|██        | 1/5 [00:04<00:16,  4.13s/it][A

Loading checkpoint shards:  40%|████      | 2/5 [00:08<00:12,  4.01s/it][A

Loading checkpoint shards:  60%|██████    | 3/5 [00:13<00:09,  4.58s/it][A

Loading checkpoint shards:  80%|████████  | 4/5 [00:18<00:04,  4.90s/it][A

Loading checkpoint shards: 100%|██████████| 5/5 [00:21<00:00,  4.15s/it][A
Loading checkpoint shards: 100%|██████████| 5/5 [00:21<00:00,  4.31s/it]

Loading pipeline components...:  20%|██        | 1/5 [00:21<01:26, 21.60s/it]
Loading pipeline components...:  40%|████      | 2/5 [00:21<00:27,  9.04s/it]

Loading checkpoint shards:   0%|          | 0/2 [00:00<?, ?it/s][A

Loading checkpoint shards:  50%|█████     | 1/2 [00:05<00:05,  5.71s/it][A

Loading checkpoint shards: 100%|██████████| 2/2 [00:06<00:00,  2.84s/it][A
Loading checkpoint shards: 100%|██████████| 2/2 [00:06<00:00,  3.27s/it]

Loading pipeline components...: 100%|██████████| 5/5 [00:28<00:00,  4.14s/it]
Loading pipeline components...: 100%|██████████| 5/5 [00:28<00:00,  5.69s/it]
<home>/.local/share/uv/python/cpython-3.12.11-macos-aarch64-none/lib/python3.12/multiprocessing/resource_tracker.py:279: UserWarning: resource_tracker: There appear to be 1 leaked semaphore objects to clean up at shutdown
  warnings.warn('resource_tracker: There appear to be %d '
