
Fetching 31 files:   0%|          | 0/31 [00:00<?, ?it/s]
Fetching 31 files: 100%|██████████| 31/31 [00:00<00:00, 10752.85it/s]
`torch_dtype` is deprecated! Use `dtype` instead!

Loading checkpoint shards:   0%|          | 0/5 [00:00<?, ?it/s]
Loading checkpoint shards:  20%|██        | 1/5 [00:02<00:08,  2.00s/it]
Loading checkpoint shards:  40%|████      | 2/5 [00:04<00:06,  2.06s/it]
Loading checkpoint shards:  60%|██████    | 3/5 [00:07<00:05,  2.74s/it]
Loading checkpoint shards:  80%|████████  | 4/5 [00:10<00:02,  2.96s/it]
Loading checkpoint shards: 100%|██████████| 5/5 [00:12<00:00,  2.63s/it]
Loading checkpoint shards: 100%|██████████| 5/5 [00:12<00:00,  2.60s/it]

Loading checkpoint shards:   0%|          | 0/2 [00:00<?, ?it/s]
Loading checkpoint shards:  50%|█████     | 1/2 [00:02<00:02,  2.38s/it]
Loading checkpoint shards: 100%|██████████| 2/2 [00:02<00:00,  1.18s/it]
Loading checkpoint shards: 100%|██████████| 2/2 [00:02<00:00,  1.36s/it]

  0%|          | 0/4 [00:00<?, ?it/s]
 25%|██▌       | 1/4 [00:00<00:02,  1.34it/s]
 50%|█████     | 2/4 [00:01<00:01,  1.89it/s]
 75%|███████▌  | 3/4 [00:01<00:00,  2.13it/s]
100%|██████████| 4/4 [00:01<00:00,  2.30it/s]
100%|██████████| 4/4 [00:01<00:00,  2.10it/s]
