
Fetching 19 files:   0%|          | 0/19 [00:00<?, ?it/s]
Fetching 19 files: 100%|██████████| 19/19 [00:00<00:00, 9035.35it/s]
You set `add_prefix_space`. The tokenizer needs to be converted from the slow tokenizers
`torch_dtype` is deprecated! Use `dtype` instead!

Loading checkpoint shards:   0%|          | 0/2 [00:00<?, ?it/s]
Loading checkpoint shards:  50%|█████     | 1/2 [00:00<00:00,  2.19it/s]
Loading checkpoint shards: 100%|██████████| 2/2 [00:00<00:00,  2.19it/s]
Loading checkpoint shards: 100%|██████████| 2/2 [00:00<00:00,  2.19it/s]

  0%|          | 0/32 [00:00<?, ?it/s]
  3%|▎         | 1/32 [00:05<02:57,  5.73s/it]
  6%|▋         | 2/32 [00:09<02:15,  4.52s/it]
  9%|▉         | 3/32 [00:13<01:59,  4.13s/it]
 12%|█▎        | 4/32 [00:16<01:49,  3.92s/it]
 16%|█▌        | 5/32 [00:20<01:42,  3.81s/it]
 19%|█▉        | 6/32 [00:23<01:37,  3.76s/it]
 22%|██▏       | 7/32 [00:27<01:33,  3.72s/it]
 25%|██▌       | 8/32 [00:31<01:29,  3.74s/it]
 28%|██▊       | 9/32 [00:35<01:26,  3.78s/it]
 31%|███▏      | 10/32 [00:39<01:24,  3.82s/it]
 34%|███▍      | 11/32 [00:43<01:20,  3.85s/it]
 38%|███▊      | 12/32 [00:46<01:17,  3.87s/it]
 41%|████      | 13/32 [00:50<01:13,  3.88s/it]
 44%|████▍     | 14/32 [00:54<01:09,  3.89s/it]
 47%|████▋     | 15/32 [00:58<01:06,  3.89s/it]
 50%|█████     | 16/32 [01:02<01:02,  3.89s/it]
 53%|█████▎    | 17/32 [01:06<00:58,  3.89s/it]
 56%|█████▋    | 18/32 [01:10<00:54,  3.88s/it]
 59%|█████▉    | 19/32 [01:14<00:50,  3.88s/it]
 62%|██████▎   | 20/32 [01:18<00:46,  3.89s/it]
 66%|██████▌   | 21/32 [01:21<00:42,  3.87s/it]
 69%|██████▉   | 22/32 [01:25<00:38,  3.90s/it]
 72%|███████▏  | 23/32 [01:29<00:35,  3.94s/it]
 75%|███████▌  | 24/32 [01:34<00:31,  3.98s/it]
 78%|███████▊  | 25/32 [01:38<00:28,  4.05s/it]
 81%|████████▏ | 26/32 [01:42<00:24,  4.12s/it]
 84%|████████▍ | 27/32 [01:46<00:20,  4.18s/it]
 88%|████████▊ | 28/32 [01:51<00:17,  4.27s/it]
 91%|█████████ | 29/32 [01:55<00:13,  4.35s/it]
 94%|█████████▍| 30/32 [02:00<00:08,  4.47s/it]
 97%|█████████▋| 31/32 [02:05<00:04,  4.58s/it]
100%|██████████| 32/32 [02:10<00:00,  4.70s/it]
100%|██████████| 32/32 [02:10<00:00,  4.08s/it]
IMAGEIO FFMPEG_WRITER WARNING: input image is not divisible by macro_block_size=16, resizing from (760, 496) to (768, 496) to ensure video compatibility with most codecs and players. To prevent resizing, make your input image divisible by the macro_block_size or set the macro_block_size to 1 (risking incompatibility).
