
Fetching 19 files:   0%|          | 0/19 [00:00<?, ?it/s]
Fetching 19 files: 100%|██████████| 19/19 [00:00<00:00, 9115.97it/s]
You set `add_prefix_space`. The tokenizer needs to be converted from the slow tokenizers
`torch_dtype` is deprecated! Use `dtype` instead!

Loading checkpoint shards:   0%|          | 0/2 [00:00<?, ?it/s]
Loading checkpoint shards:  50%|█████     | 1/2 [00:00<00:00,  2.19it/s]
Loading checkpoint shards: 100%|██████████| 2/2 [00:00<00:00,  2.51it/s]
Loading checkpoint shards: 100%|██████████| 2/2 [00:00<00:00,  2.46it/s]

  0%|          | 0/16 [00:00<?, ?it/s]
  6%|▋         | 1/16 [00:05<01:28,  5.92s/it]
 12%|█▎        | 2/16 [00:09<01:03,  4.56s/it]
 19%|█▉        | 3/16 [00:13<00:53,  4.15s/it]
 25%|██▌       | 4/16 [00:16<00:47,  3.93s/it]
 31%|███▏      | 5/16 [00:20<00:41,  3.82s/it]
 38%|███▊      | 6/16 [00:24<00:38,  3.82s/it]
 44%|████▍     | 7/16 [00:28<00:34,  3.82s/it]
 50%|█████     | 8/16 [00:32<00:30,  3.87s/it]
 56%|█████▋    | 9/16 [00:36<00:27,  3.93s/it]
 62%|██████▎   | 10/16 [00:40<00:23,  3.97s/it]
 69%|██████▉   | 11/16 [00:44<00:20,  4.00s/it]
 75%|███████▌  | 12/16 [00:48<00:15,  3.99s/it]
 81%|████████▏ | 13/16 [00:52<00:11,  3.98s/it]
 88%|████████▊ | 14/16 [00:56<00:07,  3.98s/it]
 94%|█████████▍| 15/16 [01:00<00:03,  3.98s/it]
100%|██████████| 16/16 [01:04<00:00,  3.98s/it]
100%|██████████| 16/16 [01:04<00:00,  4.00s/it]
There are modules in AutoencoderKLCogVideoX that should be kept in float32: []. Casting directly with `to()` can lead to inconsistent results; set `torch_dtype` in `from_pretrained()` instead to keep these modules in float32.
IMAGEIO FFMPEG_WRITER WARNING: input image is not divisible by macro_block_size=16, resizing from (760, 496) to (768, 496) to ensure video compatibility with most codecs and players. To prevent resizing, make your input image divisible by the macro_block_size or set the macro_block_size to 1 (risking incompatibility).
