
Fetching 19 files:   0%|          | 0/19 [00:00<?, ?it/s]
Fetching 19 files: 100%|██████████| 19/19 [00:00<00:00, 2040.81it/s]
You set `add_prefix_space`. The tokenizer needs to be converted from the slow tokenizers
`torch_dtype` is deprecated! Use `dtype` instead!

Loading checkpoint shards:   0%|          | 0/2 [00:00<?, ?it/s]
Loading checkpoint shards:  50%|█████     | 1/2 [00:00<00:00,  1.20it/s]
Loading checkpoint shards: 100%|██████████| 2/2 [00:01<00:00,  1.10it/s]
Loading checkpoint shards: 100%|██████████| 2/2 [00:01<00:00,  1.11it/s]

  0%|          | 0/32 [00:00<?, ?it/s]
  3%|▎         | 1/32 [00:05<03:02,  5.90s/it]
  6%|▋         | 2/32 [00:09<02:19,  4.64s/it]
  9%|▉         | 3/32 [00:13<02:04,  4.29s/it]
 12%|█▎        | 4/32 [00:17<01:55,  4.11s/it]
 16%|█▌        | 5/32 [00:21<01:49,  4.06s/it]
 19%|█▉        | 6/32 [00:25<01:46,  4.11s/it]
 22%|██▏       | 7/32 [00:29<01:43,  4.12s/it]
 25%|██▌       | 8/32 [00:33<01:39,  4.15s/it]
 28%|██▊       | 9/32 [00:38<01:35,  4.16s/it]
 31%|███▏      | 10/32 [00:42<01:31,  4.15s/it]
 34%|███▍      | 11/32 [00:46<01:27,  4.15s/it]
 38%|███▊      | 12/32 [00:50<01:22,  4.14s/it]
 41%|████      | 13/32 [00:54<01:18,  4.13s/it]
 44%|████▍     | 14/32 [00:59<01:15,  4.22s/it]
 47%|████▋     | 15/32 [01:03<01:12,  4.27s/it]
 50%|█████     | 16/32 [01:07<01:09,  4.34s/it]
 53%|█████▎    | 17/32 [01:12<01:06,  4.45s/it]
 56%|█████▋    | 18/32 [01:17<01:03,  4.52s/it]
 59%|█████▉    | 19/32 [01:21<00:59,  4.54s/it]
 62%|██████▎   | 20/32 [01:26<00:54,  4.56s/it]
 66%|██████▌   | 21/32 [01:31<00:51,  4.65s/it]
 69%|██████▉   | 22/32 [01:36<00:47,  4.74s/it]
 72%|███████▏  | 23/32 [01:41<00:43,  4.88s/it]
 75%|███████▌  | 24/32 [01:47<00:41,  5.17s/it]
 78%|███████▊  | 25/32 [01:53<00:39,  5.58s/it]
 81%|████████▏ | 26/32 [02:01<00:37,  6.25s/it]
 84%|████████▍ | 27/32 [02:09<00:32,  6.60s/it]
 88%|████████▊ | 28/32 [02:16<00:27,  6.92s/it]
 91%|█████████ | 29/32 [02:24<00:21,  7.04s/it]
 94%|█████████▍| 30/32 [02:31<00:14,  7.15s/it]
 97%|█████████▋| 31/32 [02:40<00:07,  7.61s/it]
100%|██████████| 32/32 [02:48<00:00,  7.90s/it]
100%|██████████| 32/32 [02:48<00:00,  5.27s/it]
IMAGEIO FFMPEG_WRITER WARNING: input image is not divisible by macro_block_size=16, resizing from (760, 496) to (768, 496) to ensure video compatibility with most codecs and players. To prevent resizing, make your input image divisible by the macro_block_size or set the macro_block_size to 1 (risking incompatibility).
